// Jest Snapshot v1, https://goo.gl/fbAQLP

exports[`show error message when no js moduleFileExtensions 1`] = `
‚óè Validation Error:

  moduleFileExtensions must include 'js':
  but instead received:
    ["jsx"]
  Please change your configuration to include 'js'.

  Configuration Documentation:
  https://jestjs.io/docs/configuration.html

`;
